Renesas Optimizing Linker (W3.05.00 )             20-Nov-2023 19:37:07

*** Options ***

-subcommand=DefaultBuild\special_3.clnk
-library=DefaultBuild\special_3.lib
-input=DefaultBuild\dbsct.obj
-input=DefaultBuild\intprg.obj
-input=DefaultBuild\resetprg.obj
-input=DefaultBuild\sbrk.obj
-input=DefaultBuild\vecttbl.obj
-input=DefaultBuild\special_3.obj
-input=DefaultBuild\hwsetup.obj
-noprelink
-output=DefaultBuild\special_3.abs
-list=DefaultBuild\special_3.map
-nooptimize
-start=B_1,R_1,B_2,R_2,B,R,SU,SI/04,PResetPRG/0FFF80000,C_1,C_2,C,C$DSEC,C$BSEC,C$INIT,C$VTBL,C$VECT,D_1,D_2,D,P,PIntPRG,W_1,W_2,W,L/0FFF80100,FIXEDVECT/0FFFFFFD0
-rom=D=R,D_1=R_1,D_2=R_2
-nologo
-end

*** Error information ***

*** Mapping List ***

SECTION                            START      END         SIZE   ALIGN
B_1
                                  00000004  00000016        13   1
R_1
                                  00000017  00000017         1   1
B_2
                                  00000018  00000018         0   1
R_2
                                  00000018  00000018         0   1
B
                                  00000018  00000417       400   4
R
                                  00000418  00000423         c   4
SU
                                  00000424  00000523       100   4
SI
                                  00000524  00000823       300   4
PResetPRG
                                  fff80000  fff80033        34   1
C_1
                                  fff80100  fff80100         0   1
C_2
                                  fff80100  fff80100         0   1
C
                                  fff80100  fff80133        34   4
C$DSEC
                                  fff80134  fff80157        24   4
C$BSEC
                                  fff80158  fff8016f        18   4
C$INIT
                                  fff80170  fff80170         0   1
C$VTBL
                                  fff80170  fff80170         0   1
C$VECT
                                  fff80170  fff8056f       400   4
D_1
                                  fff80570  fff80570         1   1
D_2
                                  fff80571  fff80571         0   1
D
                                  fff80574  fff8057f         c   4
P
                                  fff80580  fff807d8       259   1
PIntPRG
                                  fff807d9  fff80967       18f   1
W_1
                                  fff80968  fff80968         0   1
W_2
                                  fff80968  fff80968         0   1
W
                                  fff80968  fff80968         0   1
L
                                  fff80968  fff80977        10   4
$ADDR_C_FFFFFFA0
                                  ffffffa0  ffffffaf        10   1
FIXEDVECT
                                  ffffffd0  ffffffff        30   4
